<html>
<body>
<pre>
<h1>µVision Build Log</h1>
<h2>Project:</h2>
C:\Users\Amr\Desktop\lab10-sikender-and-amr1\MicroController1 (Game and Input)\Lab9.uvproj
Project File Date:  05/03/2017

<h2>Output:</h2>
Rebuild target 'Lab9'
assembling startup.s...
assembling LCD.s...
assembling Print.s...
compiling ADC.c...
compiling ST7735.c...
compiling UART.c...
compiling Lab9.c...
compiling FiFo.c...
linking...
Program Size: Code=22572 RO-data=10004 RW-data=208 ZI-data=9160  
".\Lab9.axf" - 0 Error(s), 0 Warning(s).
Load "C:\\Users\\Amr\\Desktop\\lab10-sikender-and-amr1\\MicroController1 (Game and Input)\\Lab9.axf" 
Connecting: Mode=JTAG, Speed=1000000Hz
Erase Done.
Programming Done.
Verify OK.
</pre>
</body>
</html>
xAxis, right, -52, 0, 0, 0, 0};
Lab9.c: 2 warnings, 0 errors
compiling FiFo.c...
linking...
Program Size: Code=22564 RO-data=10004 RW-data=208 ZI-data=9160  
".\Lab9.axf" - 0 Error(s), 2 Warning(s).
Load "C:\\Users\\Amr\\Desktop\\lab10-sikender-and-amr1\\MicroController1 (Game and Input)\\Lab9.axf" 
Connecting: Mode=JTAG, Speed=1000000Hz
Erase Done.
Programming Done.
Verify OK.
 "C:\\Users\\Amr\\Desktop\\lab10-sikender-and-amr1\\MicroController1 (Game and Input)\\Lab9.axf" 
Connecting: Mode=JTAG, Speed=1000000Hz
Erase Done.
Programming Done.
Verify OK.
